

  rl-toolkit · stats overlay host

  ───────────────────────────────────────



    Dashboard    http://localhost:8080

    Overlay      http://localhost:8080/overlay

    Stats API    127.0.0.1:49123





  ┃  First-run setup · Rocket League Stats API

  ┃  

  ┃  RL's Stats API is OFF by default. Enable it before starting the game:

  ┃  

  ┃      edit  <RL Install>/TAGame/Config/DefaultStatsAPI.ini

  ┃  

  ┃      PacketSendRate = 10     10 Hz; up to 120 supported

  ┃      Port           = 49123  toolkit's default

  ┃  

  ┃  Changes only take effect on a fresh RL launch.



  logs ──────────────────────────────────



19:30:28 [rl-api] connecting to 127.0.0.1:49123

19:30:28 [rl-api] connected to 127.0.0.1:49123



  rl-toolkit · stats overlay host

  ───────────────────────────────────────



    Dashboard    http://localhost:8080

    Overlay      http://localhost:8080/overlay

    Stats API    127.0.0.1:49123





  ┃  First-run setup · Rocket League Stats API

  ┃  

  ┃  RL's Stats API is OFF by default. Enable it before starting the game:

  ┃  

  ┃      edit  <RL Install>/TAGame/Config/DefaultStatsAPI.ini

  ┃  

  ┃      PacketSendRate = 10     10 Hz; up to 120 supported

  ┃      Port           = 49123  toolkit's default

  ┃  

  ┃  Changes only take effect on a fresh RL launch.



  logs ──────────────────────────────────



19:39:16 [rl-api] connecting to 127.0.0.1:49123

19:39:16 [rl-api] connected to 127.0.0.1:49123



  rl-toolkit · stats overlay host

  ───────────────────────────────────────



    Dashboard    http://localhost:8080

    Overlay      http://localhost:8080/overlay

    Stats API    127.0.0.1:49123





  ┃  First-run setup · Rocket League Stats API

  ┃  

  ┃  RL's Stats API is OFF by default. Enable it before starting the game:

  ┃  

  ┃      edit  <RL Install>/TAGame/Config/DefaultStatsAPI.ini

  ┃  

  ┃      PacketSendRate = 10     10 Hz; up to 120 supported

  ┃      Port           = 49123  toolkit's default

  ┃  

  ┃  Changes only take effect on a fresh RL launch.



  logs ──────────────────────────────────



19:39:45 [rl-api] connecting to 127.0.0.1:49123

19:39:45 [rl-api] connected to 127.0.0.1:49123

19:40:15 [rl-api] silent for 30s — reconnecting



  rl-toolkit · stats overlay host

  ───────────────────────────────────────



    Dashboard    http://localhost:8080

    Overlay      http://localhost:8080/overlay

    Stats API    127.0.0.1:49123





  ┃  First-run setup · Rocket League Stats API

  ┃  

  ┃  RL's Stats API is OFF by default. Enable it before starting the game:

  ┃  

  ┃      edit  <RL Install>/TAGame/Config/DefaultStatsAPI.ini

  ┃  

  ┃      PacketSendRate = 10     10 Hz; up to 120 supported

  ┃      Port           = 49123  toolkit's default

  ┃  

  ┃  Changes only take effect on a fresh RL launch.



  logs ──────────────────────────────────



19:40:24 [plugins] Loaded: Crossbar Sound v1.0.0 (crossbar)

19:40:24 [plugins] Loaded: DebugPlugin v0.1.0 (debug)

19:40:24 [plugins] Loaded: Déjà Vu v1.0.0 (dejavu)

19:40:24 [plugins] Loaded: Demolitions v1.0.0 (demos)

19:40:24 [rl-api] connecting to 127.0.0.1:49123

19:40:24 [rl-api] connected to 127.0.0.1:49123

19:40:54 [rl-api] silent for 30s — reconnecting



  rl-toolkit · stats overlay host

  ───────────────────────────────────────



    Dashboard    http://localhost:8080

    Overlay      http://localhost:8080/overlay

    Stats API    127.0.0.1:49123





  ┃  First-run setup · Rocket League Stats API

  ┃  

  ┃  RL's Stats API is OFF by default. Enable it before starting the game:

  ┃  

  ┃      edit  <RL Install>/TAGame/Config/DefaultStatsAPI.ini

  ┃  

  ┃      PacketSendRate = 10     10 Hz; up to 120 supported

  ┃      Port           = 49123  toolkit's default

  ┃  

  ┃  Changes only take effect on a fresh RL launch.



  logs ──────────────────────────────────



19:41:05 [rl-api] connecting to 127.0.0.1:49123

19:41:05 [rl-api] connected to 127.0.0.1:49123



  rl-toolkit · stats overlay host

  ───────────────────────────────────────



    Dashboard    http://localhost:8080

    Overlay      http://localhost:8080/overlay

    Stats API    127.0.0.1:49123





  ┃  First-run setup · Rocket League Stats API

  ┃  

  ┃  RL's Stats API is OFF by default. Enable it before starting the game:

  ┃  

  ┃      edit  <RL Install>/TAGame/Config/DefaultStatsAPI.ini

  ┃  

  ┃      PacketSendRate = 10     10 Hz; up to 120 supported

  ┃      Port           = 49123  toolkit's default

  ┃  

  ┃  Changes only take effect on a fresh RL launch.



  logs ──────────────────────────────────



19:41:39 [rl-api] connecting to 127.0.0.1:49123

19:41:39 [rl-api] connected to 127.0.0.1:49123



  rl-toolkit · stats overlay host

  ───────────────────────────────────────



    Dashboard    http://localhost:8080

    Overlay      http://localhost:8080/overlay

    Stats API    127.0.0.1:49123





  ┃  First-run setup · Rocket League Stats API

  ┃  

  ┃  RL's Stats API is OFF by default. Enable it before starting the game:

  ┃  

  ┃      edit  <RL Install>/TAGame/Config/DefaultStatsAPI.ini

  ┃  

  ┃      PacketSendRate = 10     10 Hz; up to 120 supported

  ┃      Port           = 49123  toolkit's default

  ┃  

  ┃  Changes only take effect on a fresh RL launch.



  logs ──────────────────────────────────



19:41:54 [plugins] Loaded: Crossbar Sound v1.0.0 (crossbar)

19:41:54 [plugins] Loaded: DebugPlugin v0.1.0 (debug)

19:41:54 [plugins] Loaded: Déjà Vu v1.0.0 (dejavu)

19:41:54 [plugins] Loaded: Demolitions v1.0.0 (demos)

19:41:54 [rl-api] connecting to 127.0.0.1:49123

19:41:54 [rl-api] connected to 127.0.0.1:49123

19:42:24 [rl-api] silent for 30s — reconnecting



  rl-toolkit · stats overlay host

  ───────────────────────────────────────



    Dashboard    http://localhost:8080

    Overlay      http://localhost:8080/overlay

    Stats API    127.0.0.1:49123





  ┃  First-run setup · Rocket League Stats API

  ┃  

  ┃  RL's Stats API is OFF by default. Enable it before starting the game:

  ┃  

  ┃      edit  <RL Install>/TAGame/Config/DefaultStatsAPI.ini

  ┃  

  ┃      PacketSendRate = 10     10 Hz; up to 120 supported

  ┃      Port           = 49123  toolkit's default

  ┃  

  ┃  Changes only take effect on a fresh RL launch.



  logs ──────────────────────────────────



19:43:00 [plugins] Loaded: Crossbar Sound v1.0.0 (crossbar)

19:43:00 [plugins] Loaded: DebugPlugin v0.1.0 (debug)

19:43:00 [plugins] Loaded: Déjà Vu v1.0.0 (dejavu)

19:43:00 [plugins] Loaded: Demolitions v1.0.0 (demos)

19:43:00 [rl-api] connecting to 127.0.0.1:49123

19:43:00 [rl-api] connected to 127.0.0.1:49123



  rl-toolkit · stats overlay host

  ───────────────────────────────────────



    Dashboard    http://localhost:8080

    Overlay      http://localhost:8080/overlay

    Stats API    127.0.0.1:49123





  ┃  First-run setup · Rocket League Stats API

  ┃  

  ┃  RL's Stats API is OFF by default. Enable it before starting the game:

  ┃  

  ┃      edit  <RL Install>/TAGame/Config/DefaultStatsAPI.ini

  ┃  

  ┃      PacketSendRate = 10     10 Hz; up to 120 supported

  ┃      Port           = 49123  toolkit's default

  ┃  

  ┃  Changes only take effect on a fresh RL launch.



  logs ──────────────────────────────────



19:43:05 [rl-api] connecting to 127.0.0.1:49123

19:43:05 [rl-api] connected to 127.0.0.1:49123

19:43:35 [rl-api] silent for 30s — reconnecting



  rl-toolkit · stats overlay host

  ───────────────────────────────────────



    Dashboard    http://localhost:8080

    Overlay      http://localhost:8080/overlay

    Stats API    127.0.0.1:49123





  ┃  First-run setup · Rocket League Stats API

  ┃  

  ┃  RL's Stats API is OFF by default. Enable it before starting the game:

  ┃  

  ┃      edit  <RL Install>/TAGame/Config/DefaultStatsAPI.ini

  ┃  

  ┃      PacketSendRate = 10     10 Hz; up to 120 supported

  ┃      Port           = 49123  toolkit's default

  ┃  

  ┃  Changes only take effect on a fresh RL launch.



  logs ──────────────────────────────────



19:43:47 [plugins] Loaded: Crossbar Sound v1.0.0 (crossbar)

19:43:47 [plugins] Loaded: DebugPlugin v0.1.0 (debug)

19:43:47 [plugins] Loaded: Déjà Vu v1.0.0 (dejavu)

19:43:47 [plugins] Loaded: Demolitions v1.0.0 (demos)

19:43:47 [rl-api] connecting to 127.0.0.1:49123

19:43:47 [rl-api] connected to 127.0.0.1:49123



  rl-toolkit · stats overlay host

  ───────────────────────────────────────



    Dashboard    http://localhost:8080

    Overlay      http://localhost:8080/overlay

    Stats API    127.0.0.1:49123





  ┃  First-run setup · Rocket League Stats API

  ┃  

  ┃  RL's Stats API is OFF by default. Enable it before starting the game:

  ┃  

  ┃      edit  <RL Install>/TAGame/Config/DefaultStatsAPI.ini

  ┃  

  ┃      PacketSendRate = 10     10 Hz; up to 120 supported

  ┃      Port           = 49123  toolkit's default

  ┃  

  ┃  Changes only take effect on a fresh RL launch.



  logs ──────────────────────────────────



19:44:02 [plugins] Loaded: Crossbar Sound v1.0.0 (crossbar)

19:44:02 [plugins] Loaded: DebugPlugin v0.1.0 (debug)

19:44:02 [plugins] Loaded: Déjà Vu v1.0.0 (dejavu)

19:44:02 [plugins] Loaded: Demolitions v1.0.0 (demos)

19:44:02 [rl-api] connecting to 127.0.0.1:49123

19:44:02 [rl-api] connected to 127.0.0.1:49123



  rl-toolkit · stats overlay host

  ───────────────────────────────────────



    Dashboard    http://localhost:8080

    Overlay      http://localhost:8080/overlay

    Stats API    127.0.0.1:49123





  ┃  First-run setup · Rocket League Stats API

  ┃  

  ┃  RL's Stats API is OFF by default. Enable it before starting the game:

  ┃  

  ┃      edit  <RL Install>/TAGame/Config/DefaultStatsAPI.ini

  ┃  

  ┃      PacketSendRate = 10     10 Hz; up to 120 supported

  ┃      Port           = 49123  toolkit's default

  ┃  

  ┃  Changes only take effect on a fresh RL launch.



  logs ──────────────────────────────────



19:44:38 [plugins] Loaded: Crossbar Sound v1.0.0 (crossbar)

19:44:38 [plugins] Loaded: DebugPlugin v0.1.0 (debug)

19:44:38 [plugins] Loaded: Déjà Vu v1.0.0 (dejavu)

19:44:38 [plugins] Loaded: Demolitions v1.0.0 (demos)

19:44:38 [rl-api] connecting to 127.0.0.1:49123

19:44:38 [rl-api] connected to 127.0.0.1:49123



  rl-toolkit · stats overlay host

  ───────────────────────────────────────



    Dashboard    http://localhost:8080

    Overlay      http://localhost:8080/overlay

    Stats API    127.0.0.1:49123





  ┃  First-run setup · Rocket League Stats API

  ┃  

  ┃  RL's Stats API is OFF by default. Enable it before starting the game:

  ┃  

  ┃      edit  <RL Install>/TAGame/Config/DefaultStatsAPI.ini

  ┃  

  ┃      PacketSendRate = 10     10 Hz; up to 120 supported

  ┃      Port           = 49123  toolkit's default

  ┃  

  ┃  Changes only take effect on a fresh RL launch.



  logs ──────────────────────────────────



19:44:43 [plugins] Loaded: Crossbar Sound v1.0.0 (crossbar)

19:44:43 [plugins] Loaded: DebugPlugin v0.1.0 (debug)

19:44:43 [plugins] Loaded: Déjà Vu v1.0.0 (dejavu)

19:44:43 [plugins] Loaded: Demolitions v1.0.0 (demos)

19:44:43 [rl-api] connecting to 127.0.0.1:49123

19:44:43 [rl-api] connected to 127.0.0.1:49123



  rl-toolkit · stats overlay host

  ───────────────────────────────────────



    Dashboard    http://localhost:8080

    Overlay      http://localhost:8080/overlay

    Stats API    127.0.0.1:49123





  ┃  First-run setup · Rocket League Stats API

  ┃  

  ┃  RL's Stats API is OFF by default. Enable it before starting the game:

  ┃  

  ┃      edit  <RL Install>/TAGame/Config/DefaultStatsAPI.ini

  ┃  

  ┃      PacketSendRate = 10     10 Hz; up to 120 supported

  ┃      Port           = 49123  toolkit's default

  ┃  

  ┃  Changes only take effect on a fresh RL launch.



  logs ──────────────────────────────────



19:44:49 [plugins] Loaded: Crossbar Sound v1.0.0 (crossbar)

19:44:49 [plugins] Loaded: DebugPlugin v0.1.0 (debug)

19:44:49 [plugins] Loaded: Déjà Vu v1.0.0 (dejavu)

19:44:49 [plugins] Loaded: Demolitions v1.0.0 (demos)

19:44:49 [rl-api] connecting to 127.0.0.1:49123

19:44:49 [rl-api] connected to 127.0.0.1:49123

19:45:19 [rl-api] silent for 30s — reconnecting



  rl-toolkit · stats overlay host

  ───────────────────────────────────────



    Dashboard    http://localhost:8080

    Overlay      http://localhost:8080/overlay

    Stats API    127.0.0.1:49123





  ┃  First-run setup · Rocket League Stats API

  ┃  

  ┃  RL's Stats API is OFF by default. Enable it before starting the game:

  ┃  

  ┃      edit  <RL Install>/TAGame/Config/DefaultStatsAPI.ini

  ┃  

  ┃      PacketSendRate = 10     10 Hz; up to 120 supported

  ┃      Port           = 49123  toolkit's default

  ┃  

  ┃  Changes only take effect on a fresh RL launch.



  logs ──────────────────────────────────



19:45:52 [plugins] Loaded: Crossbar Sound v1.0.0 (crossbar)

19:45:52 [plugins] Loaded: DebugPlugin v0.1.0 (debug)

19:45:52 [plugins] Loaded: Déjà Vu v1.0.0 (dejavu)

19:45:52 [plugins] Loaded: Demolitions v1.0.0 (demos)

19:45:52 [rl-api] connecting to 127.0.0.1:49123

19:45:52 [rl-api] connected to 127.0.0.1:49123



  rl-toolkit · stats overlay host

  ───────────────────────────────────────



    Dashboard    http://localhost:8080

    Overlay      http://localhost:8080/overlay

    Stats API    127.0.0.1:49123





  ┃  First-run setup · Rocket League Stats API

  ┃  

  ┃  RL's Stats API is OFF by default. Enable it before starting the game:

  ┃  

  ┃      edit  <RL Install>/TAGame/Config/DefaultStatsAPI.ini

  ┃  

  ┃      PacketSendRate = 10     10 Hz; up to 120 supported

  ┃      Port           = 49123  toolkit's default

  ┃  

  ┃  Changes only take effect on a fresh RL launch.



  logs ──────────────────────────────────



19:45:57 [plugins] Loaded: Crossbar Sound v1.0.0 (crossbar)

19:45:57 [plugins] Loaded: DebugPlugin v0.1.0 (debug)

19:45:57 [plugins] Loaded: Déjà Vu v1.0.0 (dejavu)

19:45:57 [plugins] Loaded: Demolitions v1.0.0 (demos)

19:45:57 [rl-api] connecting to 127.0.0.1:49123

19:45:57 [rl-api] connected to 127.0.0.1:49123



  rl-toolkit · stats overlay host

  ───────────────────────────────────────



    Dashboard    http://localhost:8080

    Overlay      http://localhost:8080/overlay

    Stats API    127.0.0.1:49123





  ┃  First-run setup · Rocket League Stats API

  ┃  

  ┃  RL's Stats API is OFF by default. Enable it before starting the game:

  ┃  

  ┃      edit  <RL Install>/TAGame/Config/DefaultStatsAPI.ini

  ┃  

  ┃      PacketSendRate = 10     10 Hz; up to 120 supported

  ┃      Port           = 49123  toolkit's default

  ┃  

  ┃  Changes only take effect on a fresh RL launch.



  logs ──────────────────────────────────



19:46:15 [plugins] Loaded: Crossbar Sound v1.0.0 (crossbar)

19:46:15 [plugins] Loaded: DebugPlugin v0.1.0 (debug)

19:46:15 [plugins] Loaded: Déjà Vu v1.0.0 (dejavu)

19:46:15 [plugins] Loaded: Demolitions v1.0.0 (demos)

19:46:15 [rl-api] connecting to 127.0.0.1:49123

19:46:15 [rl-api] connected to 127.0.0.1:49123

19:46:45 [rl-api] silent for 30s — reconnecting



  rl-toolkit · stats overlay host

  ───────────────────────────────────────



    Dashboard    http://localhost:8080

    Overlay      http://localhost:8080/overlay

    Stats API    127.0.0.1:49123





  ┃  First-run setup · Rocket League Stats API

  ┃  

  ┃  RL's Stats API is OFF by default. Enable it before starting the game:

  ┃  

  ┃      edit  <RL Install>/TAGame/Config/DefaultStatsAPI.ini

  ┃  

  ┃      PacketSendRate = 10     10 Hz; up to 120 supported

  ┃      Port           = 49123  toolkit's default

  ┃  

  ┃  Changes only take effect on a fresh RL launch.



  logs ──────────────────────────────────



19:47:22 [plugins] Loaded: Crossbar Sound v1.0.0 (crossbar)

19:47:22 [plugins] Loaded: DebugPlugin v0.1.0 (debug)

19:47:22 [plugins] Loaded: Déjà Vu v1.0.0 (dejavu)

19:47:22 [plugins] Loaded: Demolitions v1.0.0 (demos)

19:47:22 [rl-api] connecting to 127.0.0.1:49123

19:47:22 [rl-api] connected to 127.0.0.1:49123

19:47:52 [rl-api] silent for 30s — reconnecting



  rl-toolkit · stats overlay host

  ───────────────────────────────────────



    Dashboard    http://localhost:8080

    Overlay      http://localhost:8080/overlay

    Stats API    127.0.0.1:49123





  ┃  First-run setup · Rocket League Stats API

  ┃  

  ┃  RL's Stats API is OFF by default. Enable it before starting the game:

  ┃  

  ┃      edit  <RL Install>/TAGame/Config/DefaultStatsAPI.ini

  ┃  

  ┃      PacketSendRate = 10     10 Hz; up to 120 supported

  ┃      Port           = 49123  toolkit's default

  ┃  

  ┃  Changes only take effect on a fresh RL launch.



  logs ──────────────────────────────────



19:53:42 [plugins] Loaded: Crossbar Sound v1.0.0 (crossbar)

19:53:42 [plugins] Loaded: DebugPlugin v0.1.0 (debug)

19:53:42 [plugins] Loaded: Déjà Vu v1.0.0 (dejavu)

19:53:42 [plugins] Loaded: Demolitions v1.0.0 (demos)

19:53:42 [rl-api] connecting to 127.0.0.1:49123

19:53:42 [rl-api] connected to 127.0.0.1:49123



  rl-toolkit · stats overlay host

  ───────────────────────────────────────



    Dashboard    http://localhost:8080

    Overlay      http://localhost:8080/overlay

    Stats API    127.0.0.1:49123





  ┃  First-run setup · Rocket League Stats API

  ┃  

  ┃  RL's Stats API is OFF by default. Enable it before starting the game:

  ┃  

  ┃      edit  <RL Install>/TAGame/Config/DefaultStatsAPI.ini

  ┃  

  ┃      PacketSendRate = 10     10 Hz; up to 120 supported

  ┃      Port           = 49123  toolkit's default

  ┃  

  ┃  Changes only take effect on a fresh RL launch.



  logs ──────────────────────────────────



19:57:39 [plugins] Loaded: Crossbar Sound v1.0.0 (crossbar)

19:57:39 [plugins] Loaded: DebugPlugin v0.1.0 (debug)

19:57:39 [plugins] Loaded: Déjà Vu v1.0.0 (dejavu)

19:57:39 [plugins] Loaded: Demolitions v1.0.0 (demos)

19:57:39 [rl-api] connecting to 127.0.0.1:49123

19:57:39 [rl-api] connected to 127.0.0.1:49123



  rl-toolkit · stats overlay host

  ───────────────────────────────────────



    Dashboard    http://localhost:8080

    Overlay      http://localhost:8080/overlay

    Stats API    127.0.0.1:49123





  ┃  First-run setup · Rocket League Stats API

  ┃  

  ┃  RL's Stats API is OFF by default. Enable it before starting the game:

  ┃  

  ┃      edit  <RL Install>/TAGame/Config/DefaultStatsAPI.ini

  ┃  

  ┃      PacketSendRate = 10     10 Hz; up to 120 supported

  ┃      Port           = 49123  toolkit's default

  ┃  

  ┃  Changes only take effect on a fresh RL launch.



  logs ──────────────────────────────────



19:57:49 [plugins] Loaded: Crossbar Sound v1.0.0 (crossbar)

19:57:49 [plugins] Loaded: DebugPlugin v0.1.0 (debug)

19:57:49 [plugins] Loaded: Déjà Vu v1.0.0 (dejavu)

19:57:49 [plugins] Loaded: Demolitions v1.0.0 (demos)

19:57:49 [rl-api] connecting to 127.0.0.1:49123

19:57:49 [rl-api] connected to 127.0.0.1:49123

